// 同步 ID: 796f1db3 @ Sun Jul 26 10:52:21 UTC 2026
// 同步 ID: 73cb2ea6 @ Sun Jul 26 13:08:28 UTC 2026
// 重构日志: 86365553
// 重构日志: 42bb929d
// 同步 ID: 0d7b69ed @ Mon Jul 27 00:21:48 UTC 2026
// 重构日志: 0396a97e
// 同步 ID: c1990928 @ Tue Jul 28 03:33:58 UTC 2026
// 重构日志: d2111a6b
// 重构日志: beb97515
// 重构日志: fbe2b891
// 重构日志: dc871ac9
// 同步 ID: 0d48a179 @ Thu Jul 30 03:47:05 UTC 2026
// 重构日志: 8ebd4647
// 同步 ID: 541ec468 @ Fri Jul 31 00:39:25 UTC 2026
// 重构日志: fbe5a282
// 重构日志: 4f1131d5
// 重构日志: 1897cea9
// 重构日志: ea1626d5
// 重构日志: e3157b41
// 重构日志: 35487f27
// 重构日志: 08928233
// 重构日志: c3047399
// 重构日志: e4b5aab6
// 重构日志: f547d9a2
// 同步 ID: dee3e025 @ Fri Aug  7 11:56:31 UTC 2026
// 重构日志: 7d6eb96f
// 同步 ID: 6ed3512f @ Sat Aug  8 09:40:38 UTC 2026
// 同步 ID: 6aec8927 @ Sat Aug  8 12:11:07 UTC 2026
// 同步 ID: 51f69b20 @ Sat Aug  8 15:08:34 UTC 2026
// 同步 ID: 3ae6f645 @ Sat Aug  8 16:16:17 UTC 2026
